/home/user/webapp/server.js:128
        if (!/^[a-zA-Zа-яА-ЯіІїЇєЄ\s\'-]+$/u.test(name)) {
             ^^^^^^^^^^^^^^^^^^^^^^^^^^^^^^^

SyntaxError: Invalid regular expression: /^[a-zA-Zа-яА-ЯіІїЇєЄ\s\'-]+$/u: Invalid escape
    at wrapSafe (node:internal/modules/cjs/loader:1472:18)
    at Module._compile (node:internal/modules/cjs/loader:1501:20)
    at Module._extensions..js (node:internal/modules/cjs/loader:1613:10)
    at Module.load (node:internal/modules/cjs/loader:1275:32)
    at Module._load (node:internal/modules/cjs/loader:1096:12)
    at /usr/lib/node_modules/pm2/lib/ProcessContainer.js:292:27
    at wrapper (/usr/lib/node_modules/pm2/node_modules/async/internal/once.js:12:16)
    at next (/usr/lib/node_modules/pm2/node_modules/async/waterfall.js:96:20)
    at /usr/lib/node_modules/pm2/node_modules/async/internal/onlyOnce.js:12:16
    at WriteStream.<anonymous> (/usr/lib/node_modules/pm2/lib/Utility.js:186:13)
/home/user/webapp/server.js:128
        if (!/^[a-zA-Zа-яА-ЯіІїЇєЄ\s\'-]+$/u.test(name)) {
             ^^^^^^^^^^^^^^^^^^^^^^^^^^^^^^^

SyntaxError: Invalid regular expression: /^[a-zA-Zа-яА-ЯіІїЇєЄ\s\'-]+$/u: Invalid escape
    at wrapSafe (node:internal/modules/cjs/loader:1472:18)
    at Module._compile (node:internal/modules/cjs/loader:1501:20)
    at Module._extensions..js (node:internal/modules/cjs/loader:1613:10)
    at Module.load (node:internal/modules/cjs/loader:1275:32)
    at Module._load (node:internal/modules/cjs/loader:1096:12)
    at /usr/lib/node_modules/pm2/lib/ProcessContainer.js:292:27
    at wrapper (/usr/lib/node_modules/pm2/node_modules/async/internal/once.js:12:16)
    at next (/usr/lib/node_modules/pm2/node_modules/async/waterfall.js:96:20)
    at /usr/lib/node_modules/pm2/node_modules/async/internal/onlyOnce.js:12:16
    at WriteStream.<anonymous> (/usr/lib/node_modules/pm2/lib/Utility.js:186:13)
/home/user/webapp/server.js:128
        if (!/^[a-zA-Zа-яА-ЯіІїЇєЄ\s\'-]+$/u.test(name)) {
             ^^^^^^^^^^^^^^^^^^^^^^^^^^^^^^^

SyntaxError: Invalid regular expression: /^[a-zA-Zа-яА-ЯіІїЇєЄ\s\'-]+$/u: Invalid escape
    at wrapSafe (node:internal/modules/cjs/loader:1472:18)
    at Module._compile (node:internal/modules/cjs/loader:1501:20)
    at Module._extensions..js (node:internal/modules/cjs/loader:1613:10)
    at Module.load (node:internal/modules/cjs/loader:1275:32)
    at Module._load (node:internal/modules/cjs/loader:1096:12)
    at /usr/lib/node_modules/pm2/lib/ProcessContainer.js:292:27
    at wrapper (/usr/lib/node_modules/pm2/node_modules/async/internal/once.js:12:16)
    at next (/usr/lib/node_modules/pm2/node_modules/async/waterfall.js:96:20)
    at /usr/lib/node_modules/pm2/node_modules/async/internal/onlyOnce.js:12:16
    at WriteStream.<anonymous> (/usr/lib/node_modules/pm2/lib/Utility.js:186:13)
/home/user/webapp/server.js:128
        if (!/^[a-zA-Zа-яА-ЯіІїЇєЄ\s\'-]+$/u.test(name)) {
             ^^^^^^^^^^^^^^^^^^^^^^^^^^^^^^^

SyntaxError: Invalid regular expression: /^[a-zA-Zа-яА-ЯіІїЇєЄ\s\'-]+$/u: Invalid escape
    at wrapSafe (node:internal/modules/cjs/loader:1472:18)
    at Module._compile (node:internal/modules/cjs/loader:1501:20)
    at Module._extensions..js (node:internal/modules/cjs/loader:1613:10)
    at Module.load (node:internal/modules/cjs/loader:1275:32)
    at Module._load (node:internal/modules/cjs/loader:1096:12)
    at /usr/lib/node_modules/pm2/lib/ProcessContainer.js:292:27
    at wrapper (/usr/lib/node_modules/pm2/node_modules/async/internal/once.js:12:16)
    at next (/usr/lib/node_modules/pm2/node_modules/async/waterfall.js:96:20)
    at /usr/lib/node_modules/pm2/node_modules/async/internal/onlyOnce.js:12:16
    at WriteStream.<anonymous> (/usr/lib/node_modules/pm2/lib/Utility.js:186:13)
/home/user/webapp/server.js:128
        if (!/^[a-zA-Zа-яА-ЯіІїЇєЄ\s\'-]+$/u.test(name)) {
             ^^^^^^^^^^^^^^^^^^^^^^^^^^^^^^^

SyntaxError: Invalid regular expression: /^[a-zA-Zа-яА-ЯіІїЇєЄ\s\'-]+$/u: Invalid escape
    at wrapSafe (node:internal/modules/cjs/loader:1472:18)
    at Module._compile (node:internal/modules/cjs/loader:1501:20)
    at Module._extensions..js (node:internal/modules/cjs/loader:1613:10)
    at Module.load (node:internal/modules/cjs/loader:1275:32)
    at Module._load (node:internal/modules/cjs/loader:1096:12)
    at /usr/lib/node_modules/pm2/lib/ProcessContainer.js:292:27
    at wrapper (/usr/lib/node_modules/pm2/node_modules/async/internal/once.js:12:16)
    at next (/usr/lib/node_modules/pm2/node_modules/async/waterfall.js:96:20)
    at /usr/lib/node_modules/pm2/node_modules/async/internal/onlyOnce.js:12:16
    at WriteStream.<anonymous> (/usr/lib/node_modules/pm2/lib/Utility.js:186:13)
/home/user/webapp/server.js:128
        if (!/^[a-zA-Zа-яА-ЯіІїЇєЄ\s\'-]+$/u.test(name)) {
             ^^^^^^^^^^^^^^^^^^^^^^^^^^^^^^^

SyntaxError: Invalid regular expression: /^[a-zA-Zа-яА-ЯіІїЇєЄ\s\'-]+$/u: Invalid escape
    at wrapSafe (node:internal/modules/cjs/loader:1472:18)
    at Module._compile (node:internal/modules/cjs/loader:1501:20)
    at Module._extensions..js (node:internal/modules/cjs/loader:1613:10)
    at Module.load (node:internal/modules/cjs/loader:1275:32)
    at Module._load (node:internal/modules/cjs/loader:1096:12)
    at /usr/lib/node_modules/pm2/lib/ProcessContainer.js:292:27
    at wrapper (/usr/lib/node_modules/pm2/node_modules/async/internal/once.js:12:16)
    at next (/usr/lib/node_modules/pm2/node_modules/async/waterfall.js:96:20)
    at /usr/lib/node_modules/pm2/node_modules/async/internal/onlyOnce.js:12:16
    at WriteStream.<anonymous> (/usr/lib/node_modules/pm2/lib/Utility.js:186:13)
/home/user/webapp/server.js:128
        if (!/^[a-zA-Zа-яА-ЯіІїЇєЄ\s\'-]+$/u.test(name)) {
             ^^^^^^^^^^^^^^^^^^^^^^^^^^^^^^^

SyntaxError: Invalid regular expression: /^[a-zA-Zа-яА-ЯіІїЇєЄ\s\'-]+$/u: Invalid escape
    at wrapSafe (node:internal/modules/cjs/loader:1472:18)
    at Module._compile (node:internal/modules/cjs/loader:1501:20)
    at Module._extensions..js (node:internal/modules/cjs/loader:1613:10)
    at Module.load (node:internal/modules/cjs/loader:1275:32)
    at Module._load (node:internal/modules/cjs/loader:1096:12)
    at /usr/lib/node_modules/pm2/lib/ProcessContainer.js:292:27
    at wrapper (/usr/lib/node_modules/pm2/node_modules/async/internal/once.js:12:16)
    at next (/usr/lib/node_modules/pm2/node_modules/async/waterfall.js:96:20)
    at /usr/lib/node_modules/pm2/node_modules/async/internal/onlyOnce.js:12:16
    at WriteStream.<anonymous> (/usr/lib/node_modules/pm2/lib/Utility.js:186:13)
/home/user/webapp/server.js:128
        if (!/^[a-zA-Zа-яА-ЯіІїЇєЄ\s\'-]+$/u.test(name)) {
             ^^^^^^^^^^^^^^^^^^^^^^^^^^^^^^^

SyntaxError: Invalid regular expression: /^[a-zA-Zа-яА-ЯіІїЇєЄ\s\'-]+$/u: Invalid escape
    at wrapSafe (node:internal/modules/cjs/loader:1472:18)
    at Module._compile (node:internal/modules/cjs/loader:1501:20)
    at Module._extensions..js (node:internal/modules/cjs/loader:1613:10)
    at Module.load (node:internal/modules/cjs/loader:1275:32)
    at Module._load (node:internal/modules/cjs/loader:1096:12)
    at /usr/lib/node_modules/pm2/lib/ProcessContainer.js:292:27
    at wrapper (/usr/lib/node_modules/pm2/node_modules/async/internal/once.js:12:16)
    at next (/usr/lib/node_modules/pm2/node_modules/async/waterfall.js:96:20)
    at /usr/lib/node_modules/pm2/node_modules/async/internal/onlyOnce.js:12:16
    at WriteStream.<anonymous> (/usr/lib/node_modules/pm2/lib/Utility.js:186:13)
/home/user/webapp/server.js:128
        if (!/^[a-zA-Zа-яА-ЯіІїЇєЄ\s\'-]+$/u.test(name)) {
             ^^^^^^^^^^^^^^^^^^^^^^^^^^^^^^^

SyntaxError: Invalid regular expression: /^[a-zA-Zа-яА-ЯіІїЇєЄ\s\'-]+$/u: Invalid escape
    at wrapSafe (node:internal/modules/cjs/loader:1472:18)
    at Module._compile (node:internal/modules/cjs/loader:1501:20)
    at Module._extensions..js (node:internal/modules/cjs/loader:1613:10)
    at Module.load (node:internal/modules/cjs/loader:1275:32)
    at Module._load (node:internal/modules/cjs/loader:1096:12)
    at /usr/lib/node_modules/pm2/lib/ProcessContainer.js:292:27
    at wrapper (/usr/lib/node_modules/pm2/node_modules/async/internal/once.js:12:16)
    at next (/usr/lib/node_modules/pm2/node_modules/async/waterfall.js:96:20)
    at /usr/lib/node_modules/pm2/node_modules/async/internal/onlyOnce.js:12:16
    at WriteStream.<anonymous> (/usr/lib/node_modules/pm2/lib/Utility.js:186:13)
/home/user/webapp/server.js:128
        if (!/^[a-zA-Zа-яА-ЯіІїЇєЄ\s\'-]+$/u.test(name)) {
             ^^^^^^^^^^^^^^^^^^^^^^^^^^^^^^^

SyntaxError: Invalid regular expression: /^[a-zA-Zа-яА-ЯіІїЇєЄ\s\'-]+$/u: Invalid escape
    at wrapSafe (node:internal/modules/cjs/loader:1472:18)
    at Module._compile (node:internal/modules/cjs/loader:1501:20)
    at Module._extensions..js (node:internal/modules/cjs/loader:1613:10)
    at Module.load (node:internal/modules/cjs/loader:1275:32)
    at Module._load (node:internal/modules/cjs/loader:1096:12)
    at /usr/lib/node_modules/pm2/lib/ProcessContainer.js:292:27
    at wrapper (/usr/lib/node_modules/pm2/node_modules/async/internal/once.js:12:16)
    at next (/usr/lib/node_modules/pm2/node_modules/async/waterfall.js:96:20)
    at /usr/lib/node_modules/pm2/node_modules/async/internal/onlyOnce.js:12:16
    at WriteStream.<anonymous> (/usr/lib/node_modules/pm2/lib/Utility.js:186:13)
/home/user/webapp/server.js:128
        if (!/^[a-zA-Zа-яА-ЯіІїЇєЄ\s\'-]+$/u.test(name)) {
             ^^^^^^^^^^^^^^^^^^^^^^^^^^^^^^^

SyntaxError: Invalid regular expression: /^[a-zA-Zа-яА-ЯіІїЇєЄ\s\'-]+$/u: Invalid escape
    at wrapSafe (node:internal/modules/cjs/loader:1472:18)
    at Module._compile (node:internal/modules/cjs/loader:1501:20)
    at Module._extensions..js (node:internal/modules/cjs/loader:1613:10)
    at Module.load (node:internal/modules/cjs/loader:1275:32)
    at Module._load (node:internal/modules/cjs/loader:1096:12)
    at /usr/lib/node_modules/pm2/lib/ProcessContainer.js:292:27
    at wrapper (/usr/lib/node_modules/pm2/node_modules/async/internal/once.js:12:16)
    at next (/usr/lib/node_modules/pm2/node_modules/async/waterfall.js:96:20)
    at /usr/lib/node_modules/pm2/node_modules/async/internal/onlyOnce.js:12:16
    at WriteStream.<anonymous> (/usr/lib/node_modules/pm2/lib/Utility.js:186:13)
/home/user/webapp/server.js:128
        if (!/^[a-zA-Zа-яА-ЯіІїЇєЄ\s\'-]+$/u.test(name)) {
             ^^^^^^^^^^^^^^^^^^^^^^^^^^^^^^^

SyntaxError: Invalid regular expression: /^[a-zA-Zа-яА-ЯіІїЇєЄ\s\'-]+$/u: Invalid escape
    at wrapSafe (node:internal/modules/cjs/loader:1472:18)
    at Module._compile (node:internal/modules/cjs/loader:1501:20)
    at Module._extensions..js (node:internal/modules/cjs/loader:1613:10)
    at Module.load (node:internal/modules/cjs/loader:1275:32)
    at Module._load (node:internal/modules/cjs/loader:1096:12)
    at /usr/lib/node_modules/pm2/lib/ProcessContainer.js:292:27
    at wrapper (/usr/lib/node_modules/pm2/node_modules/async/internal/once.js:12:16)
    at next (/usr/lib/node_modules/pm2/node_modules/async/waterfall.js:96:20)
    at /usr/lib/node_modules/pm2/node_modules/async/internal/onlyOnce.js:12:16
    at WriteStream.<anonymous> (/usr/lib/node_modules/pm2/lib/Utility.js:186:13)
/home/user/webapp/server.js:128
        if (!/^[a-zA-Zа-яА-ЯіІїЇєЄ\s\'-]+$/u.test(name)) {
             ^^^^^^^^^^^^^^^^^^^^^^^^^^^^^^^

SyntaxError: Invalid regular expression: /^[a-zA-Zа-яА-ЯіІїЇєЄ\s\'-]+$/u: Invalid escape
    at wrapSafe (node:internal/modules/cjs/loader:1472:18)
    at Module._compile (node:internal/modules/cjs/loader:1501:20)
    at Module._extensions..js (node:internal/modules/cjs/loader:1613:10)
    at Module.load (node:internal/modules/cjs/loader:1275:32)
    at Module._load (node:internal/modules/cjs/loader:1096:12)
    at /usr/lib/node_modules/pm2/lib/ProcessContainer.js:292:27
    at wrapper (/usr/lib/node_modules/pm2/node_modules/async/internal/once.js:12:16)
    at next (/usr/lib/node_modules/pm2/node_modules/async/waterfall.js:96:20)
    at /usr/lib/node_modules/pm2/node_modules/async/internal/onlyOnce.js:12:16
    at WriteStream.<anonymous> (/usr/lib/node_modules/pm2/lib/Utility.js:186:13)
/home/user/webapp/server.js:128
        if (!/^[a-zA-Zа-яА-ЯіІїЇєЄ\s\'-]+$/u.test(name)) {
             ^^^^^^^^^^^^^^^^^^^^^^^^^^^^^^^

SyntaxError: Invalid regular expression: /^[a-zA-Zа-яА-ЯіІїЇєЄ\s\'-]+$/u: Invalid escape
    at wrapSafe (node:internal/modules/cjs/loader:1472:18)
    at Module._compile (node:internal/modules/cjs/loader:1501:20)
    at Module._extensions..js (node:internal/modules/cjs/loader:1613:10)
    at Module.load (node:internal/modules/cjs/loader:1275:32)
    at Module._load (node:internal/modules/cjs/loader:1096:12)
    at /usr/lib/node_modules/pm2/lib/ProcessContainer.js:292:27
    at wrapper (/usr/lib/node_modules/pm2/node_modules/async/internal/once.js:12:16)
    at next (/usr/lib/node_modules/pm2/node_modules/async/waterfall.js:96:20)
    at /usr/lib/node_modules/pm2/node_modules/async/internal/onlyOnce.js:12:16
    at WriteStream.<anonymous> (/usr/lib/node_modules/pm2/lib/Utility.js:186:13)
/home/user/webapp/server.js:128
        if (!/^[a-zA-Zа-яА-ЯіІїЇєЄ\s\'-]+$/u.test(name)) {
             ^^^^^^^^^^^^^^^^^^^^^^^^^^^^^^^

SyntaxError: Invalid regular expression: /^[a-zA-Zа-яА-ЯіІїЇєЄ\s\'-]+$/u: Invalid escape
    at wrapSafe (node:internal/modules/cjs/loader:1472:18)
    at Module._compile (node:internal/modules/cjs/loader:1501:20)
    at Module._extensions..js (node:internal/modules/cjs/loader:1613:10)
    at Module.load (node:internal/modules/cjs/loader:1275:32)
    at Module._load (node:internal/modules/cjs/loader:1096:12)
    at /usr/lib/node_modules/pm2/lib/ProcessContainer.js:292:27
    at wrapper (/usr/lib/node_modules/pm2/node_modules/async/internal/once.js:12:16)
    at next (/usr/lib/node_modules/pm2/node_modules/async/waterfall.js:96:20)
    at /usr/lib/node_modules/pm2/node_modules/async/internal/onlyOnce.js:12:16
    at WriteStream.<anonymous> (/usr/lib/node_modules/pm2/lib/Utility.js:186:13)
/home/user/webapp/server.js:128
        if (!/^[a-zA-Zа-яА-ЯіІїЇєЄ\s\'-]+$/u.test(name)) {
             ^^^^^^^^^^^^^^^^^^^^^^^^^^^^^^^

SyntaxError: Invalid regular expression: /^[a-zA-Zа-яА-ЯіІїЇєЄ\s\'-]+$/u: Invalid escape
    at wrapSafe (node:internal/modules/cjs/loader:1472:18)
    at Module._compile (node:internal/modules/cjs/loader:1501:20)
    at Module._extensions..js (node:internal/modules/cjs/loader:1613:10)
    at Module.load (node:internal/modules/cjs/loader:1275:32)
    at Module._load (node:internal/modules/cjs/loader:1096:12)
    at /usr/lib/node_modules/pm2/lib/ProcessContainer.js:292:27
    at wrapper (/usr/lib/node_modules/pm2/node_modules/async/internal/once.js:12:16)
    at next (/usr/lib/node_modules/pm2/node_modules/async/waterfall.js:96:20)
    at /usr/lib/node_modules/pm2/node_modules/async/internal/onlyOnce.js:12:16
    at WriteStream.<anonymous> (/usr/lib/node_modules/pm2/lib/Utility.js:186:13)
/home/user/webapp/server.js:128
        if (!/^[a-zA-Zа-яА-ЯіІїЇєЄ\s\'-]+$/u.test(name)) {
             ^^^^^^^^^^^^^^^^^^^^^^^^^^^^^^^

SyntaxError: Invalid regular expression: /^[a-zA-Zа-яА-ЯіІїЇєЄ\s\'-]+$/u: Invalid escape
    at wrapSafe (node:internal/modules/cjs/loader:1472:18)
    at Module._compile (node:internal/modules/cjs/loader:1501:20)
    at Module._extensions..js (node:internal/modules/cjs/loader:1613:10)
    at Module.load (node:internal/modules/cjs/loader:1275:32)
    at Module._load (node:internal/modules/cjs/loader:1096:12)
    at /usr/lib/node_modules/pm2/lib/ProcessContainer.js:292:27
    at wrapper (/usr/lib/node_modules/pm2/node_modules/async/internal/once.js:12:16)
    at next (/usr/lib/node_modules/pm2/node_modules/async/waterfall.js:96:20)
    at /usr/lib/node_modules/pm2/node_modules/async/internal/onlyOnce.js:12:16
    at WriteStream.<anonymous> (/usr/lib/node_modules/pm2/lib/Utility.js:186:13)
Error: Cannot find module 'express'
Require stack:
- /home/user/webapp/server.js
    at Module._resolveFilename (node:internal/modules/cjs/loader:1212:15)
    at Hook._require.Module.require (/usr/lib/node_modules/pm2/node_modules/require-in-the-middle/index.js:81:25)
    at require (node:internal/modules/helpers:182:18)
    at Object.<anonymous> (/home/user/webapp/server.js:6:17)
    at Module._compile (node:internal/modules/cjs/loader:1529:14)
    at Module._extensions..js (node:internal/modules/cjs/loader:1613:10)
    at Module.load (node:internal/modules/cjs/loader:1275:32)
    at Module._load (node:internal/modules/cjs/loader:1096:12)
    at /usr/lib/node_modules/pm2/lib/ProcessContainer.js:292:27
    at wrapper (/usr/lib/node_modules/pm2/node_modules/async/internal/once.js:12:16)
Error: Cannot find module 'express'
Require stack:
- /home/user/webapp/server.js
    at Module._resolveFilename (node:internal/modules/cjs/loader:1212:15)
    at Hook._require.Module.require (/usr/lib/node_modules/pm2/node_modules/require-in-the-middle/index.js:81:25)
    at require (node:internal/modules/helpers:182:18)
    at Object.<anonymous> (/home/user/webapp/server.js:6:17)
    at Module._compile (node:internal/modules/cjs/loader:1529:14)
    at Module._extensions..js (node:internal/modules/cjs/loader:1613:10)
    at Module.load (node:internal/modules/cjs/loader:1275:32)
    at Module._load (node:internal/modules/cjs/loader:1096:12)
    at /usr/lib/node_modules/pm2/lib/ProcessContainer.js:292:27
    at wrapper (/usr/lib/node_modules/pm2/node_modules/async/internal/once.js:12:16)
Error: Cannot find module 'express'
Require stack:
- /home/user/webapp/server.js
    at Module._resolveFilename (node:internal/modules/cjs/loader:1212:15)
    at Hook._require.Module.require (/usr/lib/node_modules/pm2/node_modules/require-in-the-middle/index.js:81:25)
    at require (node:internal/modules/helpers:182:18)
    at Object.<anonymous> (/home/user/webapp/server.js:6:17)
    at Module._compile (node:internal/modules/cjs/loader:1529:14)
    at Module._extensions..js (node:internal/modules/cjs/loader:1613:10)
    at Module.load (node:internal/modules/cjs/loader:1275:32)
    at Module._load (node:internal/modules/cjs/loader:1096:12)
    at /usr/lib/node_modules/pm2/lib/ProcessContainer.js:292:27
    at wrapper (/usr/lib/node_modules/pm2/node_modules/async/internal/once.js:12:16)
Error: Cannot find module 'express'
Require stack:
- /home/user/webapp/server.js
    at Module._resolveFilename (node:internal/modules/cjs/loader:1212:15)
    at Hook._require.Module.require (/usr/lib/node_modules/pm2/node_modules/require-in-the-middle/index.js:81:25)
    at require (node:internal/modules/helpers:182:18)
    at Object.<anonymous> (/home/user/webapp/server.js:6:17)
    at Module._compile (node:internal/modules/cjs/loader:1529:14)
    at Module._extensions..js (node:internal/modules/cjs/loader:1613:10)
    at Module.load (node:internal/modules/cjs/loader:1275:32)
    at Module._load (node:internal/modules/cjs/loader:1096:12)
    at /usr/lib/node_modules/pm2/lib/ProcessContainer.js:292:27
    at wrapper (/usr/lib/node_modules/pm2/node_modules/async/internal/once.js:12:16)
Error: Cannot find module 'express'
Require stack:
- /home/user/webapp/server.js
    at Module._resolveFilename (node:internal/modules/cjs/loader:1212:15)
    at Hook._require.Module.require (/usr/lib/node_modules/pm2/node_modules/require-in-the-middle/index.js:81:25)
    at require (node:internal/modules/helpers:182:18)
    at Object.<anonymous> (/home/user/webapp/server.js:6:17)
    at Module._compile (node:internal/modules/cjs/loader:1529:14)
    at Module._extensions..js (node:internal/modules/cjs/loader:1613:10)
    at Module.load (node:internal/modules/cjs/loader:1275:32)
    at Module._load (node:internal/modules/cjs/loader:1096:12)
    at /usr/lib/node_modules/pm2/lib/ProcessContainer.js:292:27
    at wrapper (/usr/lib/node_modules/pm2/node_modules/async/internal/once.js:12:16)
Error: Cannot find module 'express'
Require stack:
- /home/user/webapp/server.js
    at Module._resolveFilename (node:internal/modules/cjs/loader:1212:15)
    at Hook._require.Module.require (/usr/lib/node_modules/pm2/node_modules/require-in-the-middle/index.js:81:25)
    at require (node:internal/modules/helpers:182:18)
    at Object.<anonymous> (/home/user/webapp/server.js:6:17)
    at Module._compile (node:internal/modules/cjs/loader:1529:14)
    at Module._extensions..js (node:internal/modules/cjs/loader:1613:10)
    at Module.load (node:internal/modules/cjs/loader:1275:32)
    at Module._load (node:internal/modules/cjs/loader:1096:12)
    at /usr/lib/node_modules/pm2/lib/ProcessContainer.js:292:27
    at wrapper (/usr/lib/node_modules/pm2/node_modules/async/internal/once.js:12:16)
Error: Cannot find module 'express'
Require stack:
- /home/user/webapp/server.js
    at Module._resolveFilename (node:internal/modules/cjs/loader:1212:15)
    at Hook._require.Module.require (/usr/lib/node_modules/pm2/node_modules/require-in-the-middle/index.js:81:25)
    at require (node:internal/modules/helpers:182:18)
    at Object.<anonymous> (/home/user/webapp/server.js:6:17)
    at Module._compile (node:internal/modules/cjs/loader:1529:14)
    at Module._extensions..js (node:internal/modules/cjs/loader:1613:10)
    at Module.load (node:internal/modules/cjs/loader:1275:32)
    at Module._load (node:internal/modules/cjs/loader:1096:12)
    at /usr/lib/node_modules/pm2/lib/ProcessContainer.js:292:27
    at wrapper (/usr/lib/node_modules/pm2/node_modules/async/internal/once.js:12:16)
Error: Cannot find module 'express'
Require stack:
- /home/user/webapp/server.js
    at Module._resolveFilename (node:internal/modules/cjs/loader:1212:15)
    at Hook._require.Module.require (/usr/lib/node_modules/pm2/node_modules/require-in-the-middle/index.js:81:25)
    at require (node:internal/modules/helpers:182:18)
    at Object.<anonymous> (/home/user/webapp/server.js:6:17)
    at Module._compile (node:internal/modules/cjs/loader:1529:14)
    at Module._extensions..js (node:internal/modules/cjs/loader:1613:10)
    at Module.load (node:internal/modules/cjs/loader:1275:32)
    at Module._load (node:internal/modules/cjs/loader:1096:12)
    at /usr/lib/node_modules/pm2/lib/ProcessContainer.js:292:27
    at wrapper (/usr/lib/node_modules/pm2/node_modules/async/internal/once.js:12:16)
Error: Cannot find module 'express'
Require stack:
- /home/user/webapp/server.js
    at Module._resolveFilename (node:internal/modules/cjs/loader:1212:15)
    at Hook._require.Module.require (/usr/lib/node_modules/pm2/node_modules/require-in-the-middle/index.js:81:25)
    at require (node:internal/modules/helpers:182:18)
    at Object.<anonymous> (/home/user/webapp/server.js:6:17)
    at Module._compile (node:internal/modules/cjs/loader:1529:14)
    at Module._extensions..js (node:internal/modules/cjs/loader:1613:10)
    at Module.load (node:internal/modules/cjs/loader:1275:32)
    at Module._load (node:internal/modules/cjs/loader:1096:12)
    at /usr/lib/node_modules/pm2/lib/ProcessContainer.js:292:27
    at wrapper (/usr/lib/node_modules/pm2/node_modules/async/internal/once.js:12:16)
Error: Cannot find module 'express'
Require stack:
- /home/user/webapp/server.js
    at Module._resolveFilename (node:internal/modules/cjs/loader:1212:15)
    at Hook._require.Module.require (/usr/lib/node_modules/pm2/node_modules/require-in-the-middle/index.js:81:25)
    at require (node:internal/modules/helpers:182:18)
    at Object.<anonymous> (/home/user/webapp/server.js:6:17)
    at Module._compile (node:internal/modules/cjs/loader:1529:14)
    at Module._extensions..js (node:internal/modules/cjs/loader:1613:10)
    at Module.load (node:internal/modules/cjs/loader:1275:32)
    at Module._load (node:internal/modules/cjs/loader:1096:12)
    at /usr/lib/node_modules/pm2/lib/ProcessContainer.js:292:27
    at wrapper (/usr/lib/node_modules/pm2/node_modules/async/internal/once.js:12:16)
Error: Cannot find module 'express'
Require stack:
- /home/user/webapp/server.js
    at Module._resolveFilename (node:internal/modules/cjs/loader:1212:15)
    at Hook._require.Module.require (/usr/lib/node_modules/pm2/node_modules/require-in-the-middle/index.js:81:25)
    at require (node:internal/modules/helpers:182:18)
    at Object.<anonymous> (/home/user/webapp/server.js:6:17)
    at Module._compile (node:internal/modules/cjs/loader:1529:14)
    at Module._extensions..js (node:internal/modules/cjs/loader:1613:10)
    at Module.load (node:internal/modules/cjs/loader:1275:32)
    at Module._load (node:internal/modules/cjs/loader:1096:12)
    at /usr/lib/node_modules/pm2/lib/ProcessContainer.js:292:27
    at wrapper (/usr/lib/node_modules/pm2/node_modules/async/internal/once.js:12:16)
Error: Cannot find module 'express'
Require stack:
- /home/user/webapp/server.js
    at Module._resolveFilename (node:internal/modules/cjs/loader:1212:15)
    at Hook._require.Module.require (/usr/lib/node_modules/pm2/node_modules/require-in-the-middle/index.js:81:25)
    at require (node:internal/modules/helpers:182:18)
    at Object.<anonymous> (/home/user/webapp/server.js:6:17)
    at Module._compile (node:internal/modules/cjs/loader:1529:14)
    at Module._extensions..js (node:internal/modules/cjs/loader:1613:10)
    at Module.load (node:internal/modules/cjs/loader:1275:32)
    at Module._load (node:internal/modules/cjs/loader:1096:12)
    at /usr/lib/node_modules/pm2/lib/ProcessContainer.js:292:27
    at wrapper (/usr/lib/node_modules/pm2/node_modules/async/internal/once.js:12:16)
Error: Cannot find module 'express'
Require stack:
- /home/user/webapp/server.js
    at Module._resolveFilename (node:internal/modules/cjs/loader:1212:15)
    at Hook._require.Module.require (/usr/lib/node_modules/pm2/node_modules/require-in-the-middle/index.js:81:25)
    at require (node:internal/modules/helpers:182:18)
    at Object.<anonymous> (/home/user/webapp/server.js:6:17)
    at Module._compile (node:internal/modules/cjs/loader:1529:14)
    at Module._extensions..js (node:internal/modules/cjs/loader:1613:10)
    at Module.load (node:internal/modules/cjs/loader:1275:32)
    at Module._load (node:internal/modules/cjs/loader:1096:12)
    at /usr/lib/node_modules/pm2/lib/ProcessContainer.js:292:27
    at wrapper (/usr/lib/node_modules/pm2/node_modules/async/internal/once.js:12:16)
Error: Cannot find module 'express'
Require stack:
- /home/user/webapp/server.js
    at Module._resolveFilename (node:internal/modules/cjs/loader:1212:15)
    at Hook._require.Module.require (/usr/lib/node_modules/pm2/node_modules/require-in-the-middle/index.js:81:25)
    at require (node:internal/modules/helpers:182:18)
    at Object.<anonymous> (/home/user/webapp/server.js:6:17)
    at Module._compile (node:internal/modules/cjs/loader:1529:14)
    at Module._extensions..js (node:internal/modules/cjs/loader:1613:10)
    at Module.load (node:internal/modules/cjs/loader:1275:32)
    at Module._load (node:internal/modules/cjs/loader:1096:12)
    at /usr/lib/node_modules/pm2/lib/ProcessContainer.js:292:27
    at wrapper (/usr/lib/node_modules/pm2/node_modules/async/internal/once.js:12:16)
Error: Cannot find module 'express'
Require stack:
- /home/user/webapp/server.js
    at Module._resolveFilename (node:internal/modules/cjs/loader:1212:15)
    at Hook._require.Module.require (/usr/lib/node_modules/pm2/node_modules/require-in-the-middle/index.js:81:25)
    at require (node:internal/modules/helpers:182:18)
    at Object.<anonymous> (/home/user/webapp/server.js:6:17)
    at Module._compile (node:internal/modules/cjs/loader:1529:14)
    at Module._extensions..js (node:internal/modules/cjs/loader:1613:10)
    at Module.load (node:internal/modules/cjs/loader:1275:32)
    at Module._load (node:internal/modules/cjs/loader:1096:12)
    at /usr/lib/node_modules/pm2/lib/ProcessContainer.js:292:27
    at wrapper (/usr/lib/node_modules/pm2/node_modules/async/internal/once.js:12:16)
